192.168.10.20 - - [18/Jul/2017:08:41:37 +0000] "PUT /search/tag/list HTTP/1.0" 200 5042 "http://cooper.com/homepage/" "Mozilla/5.0 (X11; Linux x86_64) AppleWebKit/5342 (KHTML, like Gecko) Chrome/14.0.870.0 Safari/5342"
10.30.24.3 - - [18/Jul/2017:08:45:15 +0000] "POST /search/tag/list HTTP/1.0" 200 4939 "http://www.cole-brown.net/category/main/list/privacy/" "Mozilla/5.0 (X11; Linux i686) AppleWebKit/5322 (KHTML, like Gecko) Chrome/14.0.843.0 Safari/5322"
98.5.45.3 - - [18/Jul/2017:08:45:49 +0000] "GET /apps/cart.jsp?appID=8471 HTTP/1.0" 200 4958 "http://knight-chase.com/post.jsp" "Mozilla/5.0 (Macintosh; U; PPC Mac OS X 10_7_3; rv:1.9.6.20) Gecko/2013-11-03 17:44:01 Firefox/3.8"
94.5.6.3 - - [18/Jul/2017:08:48:56 +0000] "GET /list HTTP/1.0" 200 4891 "http://thomas.com/explore/wp-content/homepage/" "Mozilla/5.0 (Macintosh; U; Intel Mac OS X 10_5_4; rv:1.9.5.20) Gecko/2013-02-19 05:36:22 Firefox/3.6.15"
34.5.66.7 - - [18/Jul/2017:08:50:14 +0000] "POST /app/main/posts HTTP/1.0" 200 5068 "http://www.wilson.com/search/" "Mozilla/5.0 (X11; Linux i686; rv:1.9.6.20) Gecko/2017-06-21 19:41:34 Firefox/8.0"
43.56.76.4 - - [18/Jul/2017:08:54:38 +0000] "DELETE /apps/cart.jsp?appID=5020 HTTP/1.0" 200 4978 "http://www.miller.com/" "Mozilla/5.0 (Windows NT 4.0; sl-SI; rv:1.9.2.20) Gecko/2012-01-20 18:52:09 Firefox/4.0"
34.5.66.7 - - [18/Jul/2017:08:57:05 +0000] "GET /explore HTTP/1.0" 200 4942 "http://www.simmons.com/categories/privacy.htm" "Mozilla/5.0 (Windows NT 6.0; en-US; rv:1.9.0.20) Gecko/2013-06-11 23:23:56 Firefox/3.6.10"
74.5.6.5 - - [18/Jul/2017:08:58:00 +0000] "GET /apps/cart.jsp?appID=4486 HTTP/1.0" 200 5006 "http://www.vasquez.info/tag/posts/blog/search.php" "Mozilla/5.0 (Windows 98; Win 9x 4.90; it-IT; rv:1.9.1.20) Gecko/2015-04-20 21:05:15 Firefox/5.0"
94.5.77.98 - - [18/Jul/2017:08:59:16 +0000] "DELETE /apps/cart.jsp?appID=6614 HTTP/1.0" 200 4999 "http://www.smith-lee.com/" "Mozilla/5.0 (X11; Linux i686; rv:1.9.6.20) Gecko/2010-07-03 01:32:01 Firefox/3.8"
192.168.10.20 - - [18/Jul/2017:09:04:09 +0000] "GET /apps/cart.jsp?appID=4651 HTTP/1.0" 301 5060 "http://www.horton.com/" "Mozilla/5.0 (X11; Linux x86_64) AppleWebKit/5341 (KHTML, like Gecko) Chrome/13.0.861.0 Safari/5341"
43.56.76.4 - - [18/Jul/2017:09:07:18 +0000] "PUT /list HTTP/1.0" 200 5059 "http://saunders.com/wp-content/post/" "Mozilla/5.0 (Windows NT 6.0) AppleWebKit/5331 (KHTML, like Gecko) Chrome/15.0.850.0 Safari/5331"
192.168.10.20 - - [18/Jul/2017:09:11:29 +0000] "POST /search/tag/list HTTP/1.0" 200 4996 "http://erickson-marks.org/" "Mozilla/5.0 (X11; Linux x86_64) AppleWebKit/5340 (KHTML, like Gecko) Chrome/13.0.855.0 Safari/5340"
10.30.24.3 - - [18/Jul/2017:09:15:22 +0000] "DELETE /wp-content HTTP/1.0" 200 5114 "http://trujillo.biz/" "Mozilla/5.0 (Windows NT 5.2; sl-SI; rv:1.9.2.20) Gecko/2013-07-15 14:16:51 Firefox/6.0"
74.5.6.5 - - [18/Jul/2017:09:18:08 +0000] "GET /explore HTTP/1.0" 200 4963 "http://www.nelson.com/blog/tag/login.html" "Mozilla/5.0 (Windows NT 5.01) AppleWebKit/5321 (KHTML, like Gecko) Chrome/14.0.884.0 Safari/5321"
94.5.6.3 - - [18/Jul/2017:09:20:26 +0000] "GET /wp-admin HTTP/1.0" 200 4985 "http://martinez-perez.com/app/tags/category/about.html" "Mozilla/5.0 (Macintosh; U; Intel Mac OS X 10_5_1) AppleWebKit/5340 (KHTML, like Gecko) Chrome/15.0.886.0 Safari/5340"
74.5.6.5 - - [18/Jul/2017:09:24:37 +0000] "PUT /app/main/posts HTTP/1.0" 200 4978 "http://www.dixon.biz/register/" "Mozilla/5.0 (compatible; MSIE 7.0; Windows NT 6.0; Trident/5.1)"
34.5.66.7 - - [18/Jul/2017:09:27:34 +0000] "GET /posts/posts/explore HTTP/1.0" 301 5012 "http://cruz.com/blog/posts/category/privacy.php" "Mozilla/5.0 (Macintosh; U; PPC Mac OS X 10_6_0; rv:1.9.6.20) Gecko/2017-01-30 11:07:55 Firefox/13.0"
43.56.76.4 - - [18/Jul/2017:09:32:19 +0000] "GET /app/main/posts HTTP/1.0" 200 4944 "http://stone.com/search/list/app/category/" "Opera/8.74.(Windows NT 6.0; it-IT) Presto/2.9.183 Version/11.00"
94.5.6.3 - - [18/Jul/2017:09:34:14 +0000] "POST /search/tag/list HTTP/1.0" 200 4907 "http://www.dominguez.com/" "Mozilla/5.0 (Macintosh; U; PPC Mac OS X 10_6_9; rv:1.9.5.20) Gecko/2013-08-01 09:36:05 Firefox/7.0"
74.5.6.5 - - [18/Jul/2017:09:36:49 +0000] "DELETE /explore HTTP/1.0" 200 5007 "http://www.turner.biz/tag/app/home/" "Mozilla/5.0 (Macintosh; Intel Mac OS X 10_8_4; rv:1.9.3.20) Gecko/2015-02-15 11:23:27 Firefox/3.8"
192.168.10.20 - - [18/Jul/2017:09:39:35 +0000] "GET /posts/posts/explore HTTP/1.0" 200 5069 "http://www.larsen.com/search/register.html" "Mozilla/5.0 (X11; Linux i686; rv:1.9.7.20) Gecko/2015-12-14 02:46:26 Firefox/3.8"
98.5.45.3 - - [18/Jul/2017:09:40:08 +0000] "GET /apps/cart.jsp?appID=6198 HTTP/1.0" 200 4954 "http://www.johnson.com/explore/main/homepage.html" "Mozilla/5.0 (Macintosh; U; Intel Mac OS X 10_5_9) AppleWebKit/5350 (KHTML, like Gecko) Chrome/15.0.863.0 Safari/5350"
98.5.45.3 - - [18/Jul/2017:09:41:46 +0000] "GET /posts/posts/explore HTTP/1.0" 200 5003 "http://dickson.com/" "Mozilla/5.0 (Windows CE) AppleWebKit/5320 (KHTML, like Gecko) Chrome/13.0.818.0 Safari/5320"
94.5.77.98 - - [18/Jul/2017:09:45:23 +0000] "GET /wp-admin HTTP/1.0" 200 5073 "http://bennett.org/tags/tags/post/" "Mozilla/5.0 (Windows NT 5.2; it-IT; rv:1.9.1.20) Gecko/2015-04-06 15:16:10 Firefox/3.8"
43.56.76.4 - - [18/Jul/2017:09:45:57 +0000] "PUT /wp-content HTTP/1.0" 200 5035 "http://hendricks.info/main/list/login/" "Mozilla/5.0 (Macintosh; U; PPC Mac OS X 10_8_2) AppleWebKit/5331 (KHTML, like Gecko) Chrome/15.0.820.0 Safari/5331"
94.5.6.3 - - [18/Jul/2017:09:48:02 +0000] "GET /apps/cart.jsp?appID=1569 HTTP/1.0" 200 5013 "http://baker.com/list/blog/home.html" "Mozilla/5.0 (Macintosh; U; Intel Mac OS X 10_5_8; rv:1.9.6.20) Gecko/2017-05-24 11:23:54 Firefox/3.6.17"
98.5.45.3 - - [18/Jul/2017:09:48:45 +0000] "POST /search/tag/list HTTP/1.0" 200 4923 "http://williams.com/register.asp" "Mozilla/5.0 (Macintosh; U; Intel Mac OS X 10_5_3 rv:6.0; it-IT) AppleWebKit/535.5.6 (KHTML, like Gecko) Version/4.0.2 Safari/535.5.6"
10.30.24.3 - - [18/Jul/2017:09:51:10 +0000] "GET /wp-admin HTTP/1.0" 200 4833 "http://miller.com/wp-content/list/post.html" "Mozilla/5.0 (Windows NT 5.2; en-US; rv:1.9.1.20) Gecko/2012-06-19 17:46:41 Firefox/7.0"
98.5.45.3 - - [18/Jul/2017:09:53:29 +0000] "PUT /wp-content HTTP/1.0" 200 4970 "http://www.cox.com/" "Mozilla/5.0 (compatible; MSIE 6.0; Windows CE; Trident/3.1)"
43.56.76.4 - - [18/Jul/2017:09:55:52 +0000] "PUT /apps/cart.jsp?appID=3828 HTTP/1.0" 301 5008 "http://www.roberts.biz/" "Mozilla/5.0 (X11; Linux i686; rv:1.9.7.20) Gecko/2015-07-06 21:23:44 Firefox/6.0"
74.5.6.5 - - [18/Jul/2017:09:57:04 +0000] "GET /apps/cart.jsp?appID=6915 HTTP/1.0" 200 4987 "http://poole.com/blog/tag/faq.html" "Mozilla/5.0 (X11; Linux x86_64) AppleWebKit/5310 (KHTML, like Gecko) Chrome/13.0.872.0 Safari/5310"
34.5.66.7 - - [18/Jul/2017:09:59:55 +0000] "PUT /search/tag/list HTTP/1.0" 200 4939 "http://gates.info/author/" "Mozilla/5.0 (Windows NT 5.0; it-IT; rv:1.9.2.20) Gecko/2014-01-07 15:18:28 Firefox/3.6.17"
94.5.6.3 - - [18/Jul/2017:10:04:16 +0000] "GET /wp-content HTTP/1.0" 200 4988 "http://www.gallegos.com/categories/tags/posts/post.jsp" "Opera/8.55.(Windows NT 6.0; en-US) Presto/2.9.178 Version/11.00"
192.168.10.20 - - [18/Jul/2017:10:05:10 +0000] "GET /wp-content HTTP/1.0" 200 5079 "http://www.bean-ramos.com/search.asp" "Mozilla/5.0 (Windows; U; Windows CE) AppleWebKit/534.15.6 (KHTML, like Gecko) Version/4.0.4 Safari/534.15.6"
10.30.24.3 - - [18/Jul/2017:10:08:16 +0000] "GET /wp-content HTTP/1.0" 200 5060 "http://anderson.com/terms/" "Mozilla/5.0 (X11; Linux x86_64; rv:1.9.5.20) Gecko/2015-07-12 06:40:05 Firefox/8.0"
10.30.24.3 - - [18/Jul/2017:10:12:35 +0000] "GET /apps/cart.jsp?appID=3206 HTTP/1.0" 200 5042 "http://carter.com/about/" "Mozilla/5.0 (X11; Linux x86_64; rv:1.9.6.20) Gecko/2016-09-15 19:59:16 Firefox/3.8"
10.30.24.3 - - [18/Jul/2017:10:15:01 +0000] "GET /posts/posts/explore HTTP/1.0" 200 5110 "http://miller.net/" "Mozilla/5.0 (Macintosh; U; Intel Mac OS X 10_6_7) AppleWebKit/5331 (KHTML, like Gecko) Chrome/15.0.892.0 Safari/5331"
74.5.6.5 - - [18/Jul/2017:10:15:50 +0000] "GET /search/tag/list HTTP/1.0" 500 4981 "http://www.ortiz.com/tag/about.htm" "Mozilla/5.0 (X11; Linux x86_64; rv:1.9.6.20) Gecko/2011-09-27 05:21:21 Firefox/3.8"
34.5.66.7 - - [18/Jul/2017:10:17:11 +0000] "GET /wp-admin HTTP/1.0" 301 4985 "http://hughes-berger.com/tag/index/" "Mozilla/5.0 (Macintosh; Intel Mac OS X 10_8_4) AppleWebKit/5312 (KHTML, like Gecko) Chrome/13.0.835.0 Safari/5312"
94.5.77.98 - - [18/Jul/2017:10:19:37 +0000] "POST /search/tag/list HTTP/1.0" 200 4991 "http://www.strong-oliver.org/index/" "Mozilla/5.0 (Windows; U; Windows 98; Win 9x 4.90) AppleWebKit/531.42.3 (KHTML, like Gecko) Version/5.0.1 Safari/531.42.3"
192.168.10.20 - - [18/Jul/2017:10:22:40 +0000] "POST /wp-admin HTTP/1.0" 200 4956 "http://hancock-garcia.com/register/" "Mozilla/5.0 (Macintosh; U; PPC Mac OS X 10_8_3; rv:1.9.5.20) Gecko/2015-05-30 18:24:08 Firefox/3.8"
10.30.24.3 - - [18/Jul/2017:10:23:41 +0000] "PUT /search/tag/list HTTP/1.0" 301 5049 "http://www.colon.com/main.htm" "Mozilla/5.0 (X11; Linux i686; rv:1.9.6.20) Gecko/2010-07-22 18:24:39 Firefox/3.6.6"
94.5.6.3 - - [18/Jul/2017:10:25:54 +0000] "PUT /explore HTTP/1.0" 200 4995 "http://tyler.com/blog/login.htm" "Mozilla/5.0 (Macintosh; U; PPC Mac OS X 10_7_4; rv:1.9.2.20) Gecko/2015-10-31 00:40:26 Firefox/3.8"
74.5.6.5 - - [18/Jul/2017:10:30:37 +0000] "GET /list HTTP/1.0" 200 4941 "http://cox.com/search/main/category/" "Mozilla/5.0 (compatible; MSIE 6.0; Windows NT 5.0; Trident/3.1)"
74.5.6.5 - - [18/Jul/2017:10:34:00 +0000] "POST /explore HTTP/1.0" 200 5035 "http://www.king.com/" "Mozilla/5.0 (X11; Linux x86_64; rv:1.9.6.20) Gecko/2013-03-14 09:07:49 Firefox/3.8"
94.5.77.98 - - [18/Jul/2017:10:38:01 +0000] "GET /apps/cart.jsp?appID=7954 HTTP/1.0" 301 4903 "http://www.gibson.biz/blog/tag/tag/privacy/" "Mozilla/5.0 (Windows NT 5.2; sl-SI; rv:1.9.0.20) Gecko/2011-04-12 07:26:54 Firefox/4.0"
94.5.6.3 - - [18/Jul/2017:10:41:00 +0000] "POST /search/tag/list HTTP/1.0" 200 4961 "http://smith-best.info/about.html" "Mozilla/5.0 (Macintosh; U; PPC Mac OS X 10_8_8; rv:1.9.5.20) Gecko/2012-08-12 01:22:48 Firefox/6.0"
34.5.66.7 - - [18/Jul/2017:10:41:35 +0000] "POST /explore HTTP/1.0" 200 4924 "http://flores.com/post/" "Mozilla/5.0 (X11; Linux x86_64) AppleWebKit/5351 (KHTML, like Gecko) Chrome/13.0.879.0 Safari/5351"
94.5.77.98 - - [18/Jul/2017:10:46:24 +0000] "GET /wp-content HTTP/1.0" 200 4962 "http://rosales.com/register/" "Mozilla/5.0 (X11; Linux x86_64; rv:1.9.6.20) Gecko/2015-06-17 12:10:56 Firefox/6.0"
94.5.77.98 - - [18/Jul/2017:10:48:18 +0000] "GET /explore HTTP/1.0" 200 5084 "http://www.davis.biz/blog/categories/explore/register.html" "Mozilla/5.0 (Macintosh; U; PPC Mac OS X 10_8_8) AppleWebKit/5362 (KHTML, like Gecko) Chrome/13.0.877.0 Safari/5362"
34.5.66.7 - - [18/Jul/2017:10:49:34 +0000] "GET /wp-content HTTP/1.0" 200 4993 "http://www.smith.com/" "Mozilla/5.0 (Macintosh; U; Intel Mac OS X 10_7_3; rv:1.9.5.20) Gecko/2013-01-10 08:47:06 Firefox/5.0"
74.5.6.5 - - [18/Jul/2017:10:50:25 +0000] "PUT /list HTTP/1.0" 200 5005 "http://reed.com/category.php" "Mozilla/5.0 (Macintosh; Intel Mac OS X 10_7_3; rv:1.9.5.20) Gecko/2016-07-21 22:36:57 Firefox/3.6.14"
94.5.77.98 - - [18/Jul/2017:10:54:54 +0000] "GET /list HTTP/1.0" 200 4986 "http://higgins.com/homepage.htm" "Mozilla/5.0 (X11; Linux x86_64) AppleWebKit/5352 (KHTML, like Gecko) Chrome/14.0.832.0 Safari/5352"
94.5.6.3 - - [18/Jul/2017:10:57:48 +0000] "POST /search/tag/list HTTP/1.0" 200 5002 "http://www.russo-parker.com/main/search/" "Mozilla/5.0 (Macintosh; U; PPC Mac OS X 10_5_3) AppleWebKit/5350 (KHTML, like Gecko) Chrome/15.0.861.0 Safari/5350"
98.5.45.3 - - [18/Jul/2017:11:00:52 +0000] "POST /posts/posts/explore HTTP/1.0" 500 5013 "http://shelton.com/explore/list/login/" "Mozilla/5.0 (Macintosh; Intel Mac OS X 10_8_9 rv:4.0; it-IT) AppleWebKit/531.38.6 (KHTML, like Gecko) Version/5.0 Safari/531.38.6"
43.56.76.4 - - [18/Jul/2017:11:03:24 +0000] "PUT /app/main/posts HTTP/1.0" 404 4972 "http://www.brooks.com/category/" "Mozilla/5.0 (Macintosh; U; Intel Mac OS X 10_8_1; rv:1.9.3.20) Gecko/2012-08-16 21:22:19 Firefox/5.0"
94.5.6.3 - - [18/Jul/2017:11:07:55 +0000] "DELETE /list HTTP/1.0" 200 4928 "http://www.jones.com/explore/tag/privacy/" "Mozilla/5.0 (Macintosh; PPC Mac OS X 10_7_7) AppleWebKit/5331 (KHTML, like Gecko) Chrome/14.0.815.0 Safari/5331"
98.5.45.3 - - [18/Jul/2017:11:12:27 +0000] "GET /app/main/posts HTTP/1.0" 200 5005 "http://www.matthews-johnson.info/posts/search/blog/privacy.htm" "Opera/9.35.(X11; Linux i686; sl-SI) Presto/2.9.185 Version/10.00"
98.5.45.3 - - [18/Jul/2017:11:17:27 +0000] "DELETE /explore HTTP/1.0" 200 4907 "http://campbell.com/posts/wp-content/blog/post.php" "Mozilla/5.0 (X11; Linux i686; rv:1.9.5.20) Gecko/2015-01-24 23:43:34 Firefox/3.6.3"
192.168.10.20 - - [18/Jul/2017:11:20:32 +0000] "GET /posts/posts/explore HTTP/1.0" 200 4967 "http://powell.biz/" "Mozilla/5.0 (Macintosh; U; Intel Mac OS X 10_6_8; rv:1.9.4.20) Gecko/2016-07-30 10:35:49 Firefox/3.8"
34.5.66.7 - - [18/Jul/2017:11:22:24 +0000] "GET /posts/posts/explore HTTP/1.0" 200 4950 "http://sanders-spencer.com/wp-content/tag/terms/" "Mozilla/5.0 (Windows 95; sl-SI; rv:1.9.2.20) Gecko/2014-07-15 21:12:22 Firefox/3.8"
74.5.6.5 - - [18/Jul/2017:11:24:21 +0000] "PUT /explore HTTP/1.0" 200 4951 "http://shepherd-miller.biz/search/wp-content/explore/about.html" "Mozilla/5.0 (Macintosh; Intel Mac OS X 10_8_3 rv:2.0; sl-SI) AppleWebKit/531.32.2 (KHTML, like Gecko) Version/4.0.4 Safari/531.32.2"
94.5.6.3 - - [18/Jul/2017:11:28:26 +0000] "GET /explore HTTP/1.0" 200 5004 "http://ward.com/search/blog/register.htm" "Mozilla/5.0 (Windows NT 6.1) AppleWebKit/5332 (KHTML, like Gecko) Chrome/14.0.833.0 Safari/5332"
43.56.76.4 - - [18/Jul/2017:11:33:10 +0000] "PUT /posts/posts/explore HTTP/1.0" 200 4960 "http://fischer.biz/" "Mozilla/5.0 (Macintosh; PPC Mac OS X 10_8_9; rv:1.9.3.20) Gecko/2013-03-25 19:02:42 Firefox/3.8"
43.56.76.4 - - [18/Jul/2017:11:35:38 +0000] "GET /wp-content HTTP/1.0" 200 4967 "http://robinson.com/categories/blog/faq/" "Mozilla/5.0 (X11; Linux i686) AppleWebKit/5360 (KHTML, like Gecko) Chrome/14.0.846.0 Safari/5360"
43.56.76.4 - - [18/Jul/2017:11:39:17 +0000] "PUT /list HTTP/1.0" 200 5051 "http://www.pierce.com/tag/tag/explore/about.htm" "Mozilla/5.0 (Macintosh; PPC Mac OS X 10_5_1; rv:1.9.5.20) Gecko/2017-02-20 06:47:23 Firefox/3.8"
74.5.6.5 - - [18/Jul/2017:11:41:12 +0000] "GET /posts/posts/explore HTTP/1.0" 200 5049 "http://www.campos.net/explore/posts/wp-content/homepage/" "Mozilla/5.0 (Windows 95) AppleWebKit/5322 (KHTML, like Gecko) Chrome/14.0.818.0 Safari/5322"
43.56.76.4 - - [18/Jul/2017:11:42:29 +0000] "GET /list HTTP/1.0" 200 5000 "http://www.daniel.com/search.htm" "Mozilla/5.0 (Windows NT 6.0) AppleWebKit/5310 (KHTML, like Gecko) Chrome/15.0.803.0 Safari/5310"
10.30.24.3 - - [18/Jul/2017:11:44:09 +0000] "PUT /search/tag/list HTTP/1.0" 200 5070 "http://baker.com/home/" "Mozilla/5.0 (Windows 98) AppleWebKit/5340 (KHTML, like Gecko) Chrome/13.0.822.0 Safari/5340"
94.5.77.98 - - [18/Jul/2017:11:48:51 +0000] "PUT /app/main/posts HTTP/1.0" 200 5000 "http://www.martinez.com/" "Mozilla/5.0 (Windows; U; Windows NT 5.0) AppleWebKit/535.42.5 (KHTML, like Gecko) Version/4.0 Safari/535.42.5"
74.5.6.5 - - [18/Jul/2017:11:49:41 +0000] "POST /app/main/posts HTTP/1.0" 200 5033 "http://www.graham-curtis.com/search/" "Mozilla/5.0 (Windows NT 6.1; en-US; rv:1.9.1.20) Gecko/2014-12-24 15:22:04 Firefox/3.6.14"
192.168.10.20 - - [18/Jul/2017:11:53:17 +0000] "PUT /search/tag/list HTTP/1.0" 200 5057 "http://www.ballard.com/tags/list/post.php" "Mozilla/5.0 (iPod; U; CPU iPhone OS 3_2 like Mac OS X; en-US) AppleWebKit/532.37.5 (KHTML, like Gecko) Version/4.0.5 Mobile/8B119 Safari/6532.37.5"
94.5.77.98 - - [18/Jul/2017:11:57:15 +0000] "GET /explore HTTP/1.0" 404 4990 "http://www.shaw.info/wp-content/search.htm" "Mozilla/5.0 (compatible; MSIE 5.0; Windows 95; Trident/3.1)"
94.5.6.3 - - [18/Jul/2017:11:59:34 +0000] "GET /apps/cart.jsp?appID=2557 HTTP/1.0" 200 5004 "http://www.nguyen.net/categories/index/" "Mozilla/5.0 (Windows NT 5.01; it-IT; rv:1.9.0.20) Gecko/2014-04-21 23:34:11 Firefox/15.0"
94.5.6.3 - - [18/Jul/2017:12:03:54 +0000] "GET /app/main/posts HTTP/1.0" 404 4919 "http://www.lara.org/posts/tags/faq/" "Mozilla/5.0 (Macintosh; U; Intel Mac OS X 10_8_1) AppleWebKit/5351 (KHTML, like Gecko) Chrome/15.0.834.0 Safari/5351"
74.5.6.5 - - [18/Jul/2017:12:08:08 +0000] "PUT /wp-content HTTP/1.0" 200 5008 "http://www.carter-lopez.com/search/blog/about/" "Mozilla/5.0 (X11; Linux i686) AppleWebKit/5312 (KHTML, like Gecko) Chrome/13.0.846.0 Safari/5312"
192.168.10.20 - - [18/Jul/2017:12:08:51 +0000] "GET /explore HTTP/1.0" 200 4968 "http://walters-cobb.net/wp-content/search/about.jsp" "Mozilla/5.0 (X11; Linux x86_64; rv:1.9.7.20) Gecko/2012-08-22 06:42:13 Firefox/5.0"
98.5.45.3 - - [18/Jul/2017:12:10:07 +0000] "DELETE /apps/cart.jsp?appID=8537 HTTP/1.0" 200 4954 "http://www.fitzpatrick.com/" "Mozilla/5.0 (iPod; U; CPU iPhone OS 3_0 like Mac OS X; it-IT) AppleWebKit/533.39.3 (KHTML, like Gecko) Version/3.0.5 Mobile/8B119 Safari/6533.39.3"
94.5.77.98 - - [18/Jul/2017:12:13:36 +0000] "PUT /list HTTP/1.0" 200 5107 "http://www.kim.biz/home/" "Mozilla/5.0 (Windows NT 5.2) AppleWebKit/5331 (KHTML, like Gecko) Chrome/15.0.871.0 Safari/5331"
192.168.10.20 - - [18/Jul/2017:12:14:49 +0000] "PUT /wp-content HTTP/1.0" 200 5024 "http://www.vargas.org/tags/about/" "Mozilla/5.0 (Windows NT 5.2; sl-SI; rv:1.9.2.20) Gecko/2011-11-19 06:07:02 Firefox/12.0"
98.5.45.3 - - [18/Jul/2017:12:16:57 +0000] "PUT /app/main/posts HTTP/1.0" 200 4947 "http://leonard.com/home/" "Mozilla/5.0 (X11; Linux i686; rv:1.9.6.20) Gecko/2015-10-28 12:10:07 Firefox/3.8"
94.5.77.98 - - [18/Jul/2017:12:17:52 +0000] "GET /app/main/posts HTTP/1.0" 200 5032 "http://www.butler.com/about.html" "Mozilla/5.0 (Windows NT 6.1; it-IT; rv:1.9.0.20) Gecko/2014-10-19 06:15:54 Firefox/12.0"
43.56.76.4 - - [18/Jul/2017:12:18:57 +0000] "GET /list HTTP/1.0" 200 5012 "http://kennedy-boyd.org/privacy/" "Mozilla/5.0 (X11; Linux x86_64; rv:1.9.5.20) Gecko/2013-05-15 01:03:50 Firefox/3.6.18"
10.30.24.3 - - [18/Jul/2017:12:19:57 +0000] "PUT /app/main/posts HTTP/1.0" 200 5056 "http://www.chan.info/explore/main/category/register.asp" "Mozilla/5.0 (X11; Linux x86_64) AppleWebKit/5360 (KHTML, like Gecko) Chrome/14.0.887.0 Safari/5360"
94.5.6.3 - - [18/Jul/2017:12:21:31 +0000] "POST /posts/posts/explore HTTP/1.0" 301 5019 "http://www.hobbs.info/" "Mozilla/5.0 (Windows NT 5.0; it-IT; rv:1.9.0.20) Gecko/2015-04-16 23:39:09 Firefox/3.6.16"
94.5.6.3 - - [18/Jul/2017:12:26:24 +0000] "PUT /app/main/posts HTTP/1.0" 200 4935 "http://www.mcbride.biz/tag/category/tag/login.php" "Mozilla/5.0 (X11; Linux x86_64) AppleWebKit/5322 (KHTML, like Gecko) Chrome/15.0.839.0 Safari/5322"
94.5.77.98 - - [18/Jul/2017:12:30:01 +0000] "POST /explore HTTP/1.0" 200 5035 "http://mills.com/" "Mozilla/5.0 (Macintosh; Intel Mac OS X 10_6_7; rv:1.9.6.20) Gecko/2012-07-20 11:56:26 Firefox/3.6.10"
98.5.45.3 - - [18/Jul/2017:12:30:56 +0000] "GET /posts/posts/explore HTTP/1.0" 200 5012 "http://www.gardner.com/categories/tags/search.asp" "Mozilla/5.0 (X11; Linux x86_64) AppleWebKit/5340 (KHTML, like Gecko) Chrome/13.0.851.0 Safari/5340"
10.30.24.3 - - [18/Jul/2017:12:31:48 +0000] "GET /list HTTP/1.0" 200 4992 "http://www.sellers.com/wp-content/login.php" "Mozilla/5.0 (Windows 98) AppleWebKit/5331 (KHTML, like Gecko) Chrome/13.0.807.0 Safari/5331"
34.5.66.7 - - [18/Jul/2017:12:33:13 +0000] "GET /explore HTTP/1.0" 200 5034 "http://barry-martinez.biz/category/" "Mozilla/5.0 (X11; Linux i686) AppleWebKit/5330 (KHTML, like Gecko) Chrome/15.0.812.0 Safari/5330"
94.5.6.3 - - [18/Jul/2017:12:35:54 +0000] "GET /list HTTP/1.0" 200 4893 "http://www.elliott.net/" "Mozilla/5.0 (X11; Linux x86_64; rv:1.9.5.20) Gecko/2014-08-10 01:38:50 Firefox/3.8"
43.56.76.4 - - [18/Jul/2017:12:36:43 +0000] "PUT /wp-admin HTTP/1.0" 200 4978 "http://williams-miller.com/terms.jsp" "Mozilla/5.0 (iPod; U; CPU iPhone OS 3_0 like Mac OS X; sl-SI) AppleWebKit/532.8.1 (KHTML, like Gecko) Version/4.0.5 Mobile/8B112 Safari/6532.8.1"
74.5.6.5 - - [18/Jul/2017:12:40:25 +0000] "GET /search/tag/list HTTP/1.0" 200 5019 "http://www.hamilton-tucker.info/main/terms/" "Mozilla/5.0 (Macintosh; U; Intel Mac OS X 10_8_5) AppleWebKit/5310 (KHTML, like Gecko) Chrome/13.0.877.0 Safari/5310"
43.56.76.4 - - [18/Jul/2017:12:44:52 +0000] "GET /apps/cart.jsp?appID=8055 HTTP/1.0" 200 4976 "http://www.luna.com/explore/terms.htm" "Mozilla/5.0 (X11; Linux i686; rv:1.9.6.20) Gecko/2017-01-10 23:46:31 Firefox/3.6.8"
43.56.76.4 - - [18/Jul/2017:12:46:02 +0000] "PUT /apps/cart.jsp?appID=5491 HTTP/1.0" 200 5016 "http://www.pennington.com/faq/" "Mozilla/5.0 (Windows 98) AppleWebKit/5340 (KHTML, like Gecko) Chrome/14.0.857.0 Safari/5340"
98.5.45.3 - - [18/Jul/2017:12:48:46 +0000] "GET /wp-content HTTP/1.0" 200 4922 "http://www.maxwell.com/" "Mozilla/5.0 (X11; Linux x86_64; rv:1.9.7.20) Gecko/2012-05-27 04:09:22 Firefox/3.8"
192.168.10.20 - - [18/Jul/2017:12:51:51 +0000] "DELETE /apps/cart.jsp?appID=4467 HTTP/1.0" 200 4934 "http://www.norris.biz/homepage.php" "Mozilla/5.0 (Macintosh; U; Intel Mac OS X 10_6_1; rv:1.9.5.20) Gecko/2011-12-15 10:22:45 Firefox/3.8"
192.168.10.20 - - [18/Jul/2017:12:55:10 +0000] "POST /list HTTP/1.0" 404 5007 "http://lucas-williams.com/post.html" "Mozilla/5.0 (Windows NT 6.1; sl-SI; rv:1.9.1.20) Gecko/2016-12-11 16:51:35 Firefox/3.6.19"
34.5.66.7 - - [18/Jul/2017:12:56:28 +0000] "GET /app/main/posts HTTP/1.0" 200 5025 "http://www.russell-rivas.com/wp-content/blog/search.html" "Mozilla/5.0 (X11; Linux i686) AppleWebKit/5322 (KHTML, like Gecko) Chrome/14.0.824.0 Safari/5322"
192.168.10.20 - - [18/Jul/2017:12:59:42 +0000] "GET /wp-admin HTTP/1.0" 404 5015 "http://www.duncan.com/terms/" "Mozilla/5.0 (X11; Linux x86_64) AppleWebKit/5321 (KHTML, like Gecko) Chrome/15.0.872.0 Safari/5321"
